  Determining projects to restore...
  Restored D:\code\AgentLang\src\AgentLang.Llvm\AgentLang.Llvm.fsproj (in 188 ms).
  Restored D:\code\AgentLang\src\AgentLang.Core\AgentLang.Core.fsproj (in 188 ms).
  Restored D:\code\AgentLang\tests\AgentLang.Llvm.Tests\AgentLang.Llvm.Tests.fsproj (in 188 ms).
  AgentLang.Core -> D:\code\AgentLang\.agentlang\native-validation\run-63db659cd7a64258b134398e1f1b316a\bin\AgentLang.Core\debug\AgentLang.Core.dll
  AgentLang.Llvm -> D:\code\AgentLang\.agentlang\native-validation\run-63db659cd7a64258b134398e1f1b316a\bin\AgentLang.Llvm\debug\AgentLang.Llvm.dll
  AgentLang.Llvm.Tests -> D:\code\AgentLang\.agentlang\native-validation\run-63db659cd7a64258b134398e1f1b316a\bin\AgentLang.Llvm.Tests\debug\AgentLang.Llvm.Tests.dll

Build succeeded.
    0 Warning(s)
    0 Error(s)

Time Elapsed 00:00:15.86
[native-conformance] scalar operators and arithmetic
[native-conformance] ABI layout and raw request guards
[native-conformance] branches, locals, and user-word calls
[native-conformance] nominal scalar support and limits
[native-conformance] record construction, accessors, aliases, and equality
[native-conformance] record value depth and aggregate limits
[native-conformance] record preflight diagnostics
[native-conformance] record capacity atomicity and retained ownership
[native-conformance] ABI v3 typed state re-entry, import budgets, and provenance
AgentLang.Llvm.Tests: 441 assertions passed; artifacts: D:\code\AgentLang\.agentlang\native-validation\tests-032f3f0545564d8ba4470ee49e9dde1b
